// Jest Snapshot v1, https://goo.gl/fbAQLP

exports[`spoolJobFile creates a SPOOL_TASK action 1`] = `
Object {
  "payload": Object {
    "prepend": false,
    "task": Object {
      "createdAt": "[REDACTED]",
      "currentLineNumber": null,
      "data": Array [
        "g1 x10",
        "g1 y10",
      ],
      "id": "[REDACTED]",
      "internal": false,
      "jobFileID": "test_test_test",
      "jobID": "123",
      "name": "abc",
      "priority": "NORMAL",
      "startedAt": null,
      "status": "SPOOLED",
      "stoppedAt": null,
    },
  },
  "type": "tegh-core/spool/SPOOL_TASK",
}
`;
