// Jest Snapshot v1, https://goo.gl/fbAQLP

exports[`spoolCommands creates a SPOOL_TASK action 1`] = `
Object {
  "payload": Object {
    "prepend": false,
    "task": Object {
      "createdAt": "[REDACTED]",
      "currentLineNumber": null,
      "data": Array [
        "line 1",
        "line 2",
      ],
      "id": "[REDACTED]",
      "internal": false,
      "jobFileID": null,
      "jobID": null,
      "name": "testFile.gcode",
      "priority": "NORMAL",
      "startedAt": null,
      "status": "SPOOLED",
      "stoppedAt": null,
    },
  },
  "type": "tegh-core/spool/SPOOL_TASK",
}
`;
