// Jest Snapshot v1, https://goo.gl/fbAQLP

exports[`PrinterResolvers presents a consistent API 1`] = `
Object {
  "_testPrinter": Object {
    "activeExtruderID": "heater1ID",
    "components": Array [
      Object {
        "id": "bbbserialController",
      },
      Object {
        "id": "x111",
      },
      Object {
        "id": "y111",
      },
      Object {
        "id": "z111",
      },
      Object {
        "id": "heater_1",
      },
      Object {
        "id": "abvwee1",
      },
      Object {
        "id": "bdfbxb",
      },
      Object {
        "id": "ndrgrwef",
      },
      Object {
        "id": "ndrgrwef2",
      },
    ],
    "enabledMacros": Array [
      "myMacro",
    ],
    "error": null,
    "fixedListComponentTypes": Array [
      "TOOLHEAD",
    ],
    "id": "aaxcvxcvcxv-bvb-csdf234231",
    "logEntries": Array [
      Object {},
    ],
    "name": "Left Home Lulzbot",
    "plugins": Array [
      Object {
        "id": "asgbvas23",
      },
      Object {
        "id": "aaabbbccc333",
      },
      Object {
        "id": "aaabbbccc123",
      },
      Object {
        "id": "asdfv31",
      },
    ],
    "status": "CONNECTING",
    "targetTemperaturesCountdown": 3,
  },
}
`;
